#-----------------------------------------------------------
# Webtalk v2018.3 (64-bit)
# SW Build 2405991 on Thu Dec  6 23:38:27 MST 2018
# IP Build 2404404 on Fri Dec  7 01:43:56 MST 2018
# Start of session at: Wed Mar 31 15:13:54 2021
# Process ID: 5668
# Current directory: C:/Xilinx/Projects/Digital_Design_ARM_Processor/Digital_Design_ARM_Processor.sim/sim_1/impl/timing/xsim
# Command line: wbtcv.exe -mode batch -source C:/Xilinx/Projects/Digital_Design_ARM_Processor/Digital_Design_ARM_Processor.sim/sim_1/impl/timing/xsim/xsim.dir/Control_TB_time_impl/webtalk/xsim_webtalk.tcl -notrace
# Log file: C:/Xilinx/Projects/Digital_Design_ARM_Processor/Digital_Design_ARM_Processor.sim/sim_1/impl/timing/xsim/webtalk.log
# Journal file: C:/Xilinx/Projects/Digital_Design_ARM_Processor/Digital_Design_ARM_Processor.sim/sim_1/impl/timing/xsim\webtalk.jou
#-----------------------------------------------------------
source C:/Xilinx/Projects/Digital_Design_ARM_Processor/Digital_Design_ARM_Processor.sim/sim_1/impl/timing/xsim/xsim.dir/Control_TB_time_impl/webtalk/xsim_webtalk.tcl -notrace
